<!DOCTYPE html>
<html lang="en">
<head>
    <meta charset="UTF-8">
    <link rel="stylesheet" href="css/main.min.css">
    <link rel="stylesheet" href="css/foo/bar.min.css">
	<link rel="stylesheet" href="/css/bla.min.css?bla=foo">
	<link rel="stylesheet" href="/css/bla.css">

    <script async src="js/main.js"></script>
    <title>Title</title>
</head>
<body>
    <img src="../.test">
    <img src="img/blafi.png">
    <script async src="js/bar.js"></script>
</body>
</html>