<!DOCTYPE html>
<html lang="en">
<head>
    <meta charset="UTF-8">
    <link rel="stylesheet" href="css/main.min.123.css">
    <link rel="stylesheet" href="css/foo/bar.min.123.css">
	<link rel="stylesheet" href="/css/bla.min.123.css">
	<link rel="stylesheet" href="/css/bla.123.css">

    <script async src="js/main.123.js"></script>
    <title>Title</title>
</head>
<body>
    <img src="../.test">
    <img src="img/blafi.123.png">
    <script async src="js/bar.123.js"></script>
</body>
</html>